d:\dev\stockinsight\stockinsight\stockinsight\x64\debug\vc143.pdb
d:\dev\stockinsight\stockinsight\stockinsight\x64\debug\vc143.idb
d:\dev\stockinsight\stockinsight\stockinsight\x64\debug\qrc_stockinsight.obj
d:\dev\stockinsight\stockinsight\stockinsight\x64\debug\registerdialog.obj
d:\dev\stockinsight\stockinsight\stockinsight\x64\debug\main.obj
d:\dev\stockinsight\stockinsight\stockinsight\x64\debug\stockinsight.obj
d:\dev\stockinsight\stockinsight\stockinsight\x64\debug\logindialog.obj
d:\dev\stockinsight\stockinsight\stockinsight\x64\debug\moc_logindialog.obj
d:\dev\stockinsight\stockinsight\stockinsight\x64\debug\moc_registerdialog.obj
d:\dev\stockinsight\stockinsight\stockinsight\x64\debug\moc_stockinsight.obj
d:\dev\stockinsight\stockinsight\x64\debug\stockinsight.exe
d:\dev\stockinsight\stockinsight\x64\debug\stockinsight.pdb
d:\dev\stockinsight\stockinsight\stockinsight\x64\debug\qt\moc\moc_stockinsight.cpp
d:\dev\stockinsight\stockinsight\stockinsight\x64\debug\qt\moc\moc_logindialog.cpp
d:\dev\stockinsight\stockinsight\stockinsight\x64\debug\qt\moc\moc_registerdialog.cpp
d:\dev\stockinsight\stockinsight\stockinsight\x64\debug\qt\rcc\qrc_stockinsight.cpp
d:\dev\stockinsight\stockinsight\stockinsight\x64\debug\qt\uic\ui_stockinsight.h
d:\dev\stockinsight\stockinsight\stockinsight\x64\debug\stockinsight.ilk
d:\dev\stockinsight\stockinsight\stockinsight\x64\debug\stockinsight.tlog\cl.command.1.tlog
d:\dev\stockinsight\stockinsight\stockinsight\x64\debug\stockinsight.tlog\cl.items.tlog
d:\dev\stockinsight\stockinsight\stockinsight\x64\debug\stockinsight.tlog\cl.read.1.tlog
d:\dev\stockinsight\stockinsight\stockinsight\x64\debug\stockinsight.tlog\cl.write.1.tlog
d:\dev\stockinsight\stockinsight\stockinsight\x64\debug\stockinsight.tlog\link.command.1.tlog
d:\dev\stockinsight\stockinsight\stockinsight\x64\debug\stockinsight.tlog\link.read.1.tlog
d:\dev\stockinsight\stockinsight\stockinsight\x64\debug\stockinsight.tlog\link.secondary.1.tlog
d:\dev\stockinsight\stockinsight\stockinsight\x64\debug\stockinsight.tlog\link.write.1.tlog
d:\dev\stockinsight\stockinsight\stockinsight\x64\debug\stockinsight.tlog\moc.read.1u.tlog
d:\dev\stockinsight\stockinsight\stockinsight\x64\debug\stockinsight.tlog\moc.write.1u.tlog
d:\dev\stockinsight\stockinsight\stockinsight\x64\debug\stockinsight.tlog\rcc.read.1u.tlog
d:\dev\stockinsight\stockinsight\stockinsight\x64\debug\stockinsight.tlog\rcc.write.1u.tlog
d:\dev\stockinsight\stockinsight\stockinsight\x64\debug\stockinsight.tlog\stockinsight.write.1u.tlog
d:\dev\stockinsight\stockinsight\stockinsight\x64\debug\stockinsight.tlog\uic.read.1u.tlog
d:\dev\stockinsight\stockinsight\stockinsight\x64\debug\stockinsight.tlog\uic.write.1u.tlog
